---
http_interactions:
- request:
    method: get
    uri: https://api.themoviedb.org/3/search/movie?api_key=<DONT_SHARE_MY_KEY>&language=en&page=1&query=sdsfgwe
    body:
      encoding: US-ASCII
      string: ''
    headers:
      User-Agent:
      - Faraday v1.0.1
      Accept-Encoding:
      - gzip;q=1.0,deflate;q=0.6,identity;q=0.3
      Accept:
      - "*/*"
  response:
    status:
      code: 200
      message: OK
    headers:
      Content-Type:
      - application/json;charset=utf-8
      Content-Length:
      - '57'
      Connection:
      - keep-alive
      Date:
      - Mon, 12 Oct 2020 22:47:28 GMT
      Server:
      - openresty
      Access-Control-Allow-Origin:
      - "*"
      Access-Control-Allow-Methods:
      - GET, HEAD, POST, PUT, DELETE, OPTIONS
      Access-Control-Expose-Headers:
      - ETag, X-RateLimit-Limit, X-RateLimit-Remaining, X-RateLimit-Reset, Retry-After,
        Content-Length, Content-Range
      Etag:
      - 8e6292c3d9056c0d08bd7f939021844e
      Cache-Control:
      - public, max-age=120
      X-Cache:
      - Miss from cloudfront
      Via:
      - 1.1 824a5d9ed02451bcb68b15ae5991dce0.cloudfront.net (CloudFront)
      X-Amz-Cf-Pop:
      - DEN50-C2
      X-Amz-Cf-Id:
      - kyFp1b24tMLxsl2mwajWWrSLSFb5m83hmypWF03FZx82OEvcKA-w2Q==
    body:
      encoding: UTF-8
      string: '{"page":1,"total_results":0,"total_pages":0,"results":[]}'
  recorded_at: Mon, 12 Oct 2020 22:47:28 GMT
- request:
    method: get
    uri: https://api.themoviedb.org/3/search/movie?api_key=<DONT_SHARE_MY_KEY>&language=en&page=1&query=sdsfgwe
    body:
      encoding: US-ASCII
      string: ''
    headers:
      User-Agent:
      - Faraday v1.0.1
      Accept-Encoding:
      - gzip;q=1.0,deflate;q=0.6,identity;q=0.3
      Accept:
      - "*/*"
  response:
    status:
      code: 200
      message: OK
    headers:
      Content-Type:
      - application/json;charset=utf-8
      Content-Length:
      - '57'
      Connection:
      - keep-alive
      Server:
      - openresty
      Access-Control-Allow-Origin:
      - "*"
      Access-Control-Allow-Methods:
      - GET, HEAD, POST, PUT, DELETE, OPTIONS
      Access-Control-Expose-Headers:
      - ETag, X-RateLimit-Limit, X-RateLimit-Remaining, X-RateLimit-Reset, Retry-After,
        Content-Length, Content-Range
      Date:
      - Mon, 12 Oct 2020 23:04:27 GMT
      Etag:
      - 8e6292c3d9056c0d08bd7f939021844e
      Cache-Control:
      - public, max-age=120
      X-Cache:
      - RefreshHit from cloudfront
      Via:
      - 1.1 d29afc70fc2fdadee440493854714224.cloudfront.net (CloudFront)
      X-Amz-Cf-Pop:
      - DEN50-C2
      X-Amz-Cf-Id:
      - 5k8tOb9jcuW8uw6NhSS-8Mku6ihdAOzVDnWBuxzT0K4VulcUlmbCLQ==
    body:
      encoding: UTF-8
      string: '{"page":1,"total_results":0,"total_pages":0,"results":[]}'
  recorded_at: Mon, 12 Oct 2020 23:04:27 GMT
- request:
    method: get
    uri: https://api.themoviedb.org/3/search/movie?api_key=<DONT_SHARE_MY_KEY>&language=en&page=1&query=sdsfgwe
    body:
      encoding: US-ASCII
      string: ''
    headers:
      User-Agent:
      - Faraday v1.0.1
      Accept-Encoding:
      - gzip;q=1.0,deflate;q=0.6,identity;q=0.3
      Accept:
      - "*/*"
  response:
    status:
      code: 200
      message: OK
    headers:
      Content-Type:
      - application/json;charset=utf-8
      Content-Length:
      - '57'
      Connection:
      - keep-alive
      Server:
      - openresty
      Access-Control-Allow-Origin:
      - "*"
      Access-Control-Allow-Methods:
      - GET, HEAD, POST, PUT, DELETE, OPTIONS
      Access-Control-Expose-Headers:
      - ETag, X-RateLimit-Limit, X-RateLimit-Remaining, X-RateLimit-Reset, Retry-After,
        Content-Length, Content-Range
      Date:
      - Mon, 12 Oct 2020 23:06:40 GMT
      Etag:
      - 8e6292c3d9056c0d08bd7f939021844e
      Cache-Control:
      - public, max-age=120
      X-Cache:
      - RefreshHit from cloudfront
      Via:
      - 1.1 c55bfc9d9a95cdee8e23989feddaa4b3.cloudfront.net (CloudFront)
      X-Amz-Cf-Pop:
      - DEN50-C2
      X-Amz-Cf-Id:
      - nf4Vum2-qj_mJ7yuF3z77b90Knk2RPAJ_EIEnmvEt2cI80qpnBS0xg==
    body:
      encoding: UTF-8
      string: '{"page":1,"total_results":0,"total_pages":0,"results":[]}'
  recorded_at: Mon, 12 Oct 2020 23:06:41 GMT
- request:
    method: get
    uri: https://api.themoviedb.org/3/search/movie?api_key=<DONT_SHARE_MY_KEY>&language=en&page=1&query=sdsfgwe
    body:
      encoding: US-ASCII
      string: ''
    headers:
      User-Agent:
      - Faraday v1.0.1
      Accept-Encoding:
      - gzip;q=1.0,deflate;q=0.6,identity;q=0.3
      Accept:
      - "*/*"
  response:
    status:
      code: 200
      message: OK
    headers:
      Content-Type:
      - application/json;charset=utf-8
      Content-Length:
      - '57'
      Connection:
      - keep-alive
      Server:
      - openresty
      Access-Control-Allow-Origin:
      - "*"
      Access-Control-Allow-Methods:
      - GET, HEAD, POST, PUT, DELETE, OPTIONS
      Access-Control-Expose-Headers:
      - ETag, X-RateLimit-Limit, X-RateLimit-Remaining, X-RateLimit-Reset, Retry-After,
        Content-Length, Content-Range
      Date:
      - Mon, 12 Oct 2020 23:06:40 GMT
      Etag:
      - 8e6292c3d9056c0d08bd7f939021844e
      Cache-Control:
      - public, max-age=120
      X-Cache:
      - Hit from cloudfront
      Via:
      - 1.1 9c7e5857d78c5dc89042979317de5843.cloudfront.net (CloudFront)
      X-Amz-Cf-Pop:
      - DEN50-C2
      X-Amz-Cf-Id:
      - PmOTJNSJqIlMJ1TsULqKXJgDdAWI78lRQ5YLIFehT1vcijmyttjHsg==
      Age:
      - '43'
    body:
      encoding: UTF-8
      string: '{"page":1,"total_results":0,"total_pages":0,"results":[]}'
  recorded_at: Mon, 12 Oct 2020 23:07:23 GMT
- request:
    method: get
    uri: https://api.themoviedb.org/3/search/movie?api_key=<DONT_SHARE_MY_KEY>&language=en&page=2&query=sdsfgwe
    body:
      encoding: US-ASCII
      string: ''
    headers:
      User-Agent:
      - Faraday v1.0.1
      Accept-Encoding:
      - gzip;q=1.0,deflate;q=0.6,identity;q=0.3
      Accept:
      - "*/*"
  response:
    status:
      code: 200
      message: OK
    headers:
      Content-Type:
      - application/json;charset=utf-8
      Content-Length:
      - '57'
      Connection:
      - keep-alive
      Server:
      - openresty
      Access-Control-Allow-Origin:
      - "*"
      Access-Control-Allow-Methods:
      - GET, HEAD, POST, PUT, DELETE, OPTIONS
      Access-Control-Expose-Headers:
      - ETag, X-RateLimit-Limit, X-RateLimit-Remaining, X-RateLimit-Reset, Retry-After,
        Content-Length, Content-Range
      Date:
      - Mon, 12 Oct 2020 23:06:41 GMT
      Etag:
      - 847c9b2b23a1f3c816131f8d9cafb05d
      Cache-Control:
      - public, max-age=120
      X-Cache:
      - Hit from cloudfront
      Via:
      - 1.1 9204cf44179493ed42c678800a26918b.cloudfront.net (CloudFront)
      X-Amz-Cf-Pop:
      - DEN50-C2
      X-Amz-Cf-Id:
      - XHAypvJNwX30d4r6IqpKlcab6a6z33UvTsawW8FvPnc8l_Qy6Kc-bA==
      Age:
      - '42'
    body:
      encoding: UTF-8
      string: '{"page":2,"total_results":0,"total_pages":0,"results":[]}'
  recorded_at: Mon, 12 Oct 2020 23:07:23 GMT
- request:
    method: get
    uri: https://api.themoviedb.org/3/search/movie?api_key=<DONT_SHARE_MY_KEY>&language=en&page=1&query=
    body:
      encoding: US-ASCII
      string: ''
    headers:
      User-Agent:
      - Faraday v1.0.1
      Accept-Encoding:
      - gzip;q=1.0,deflate;q=0.6,identity;q=0.3
      Accept:
      - "*/*"
  response:
    status:
      code: 422
      message: Unknown
    headers:
      Content-Type:
      - application/json;charset=utf-8
      Transfer-Encoding:
      - chunked
      Connection:
      - keep-alive
      Date:
      - Mon, 12 Oct 2020 23:07:23 GMT
      Server:
      - openresty
      Access-Control-Allow-Origin:
      - "*"
      Access-Control-Allow-Methods:
      - GET, HEAD, POST, PUT, DELETE, OPTIONS
      Access-Control-Expose-Headers:
      - ETag, X-RateLimit-Limit, X-RateLimit-Remaining, X-RateLimit-Reset, Retry-After,
        Content-Length, Content-Range
      X-Cache:
      - Error from cloudfront
      Via:
      - 1.1 6c02603f677dd5669f8ab3b41062340f.cloudfront.net (CloudFront)
      X-Amz-Cf-Pop:
      - DEN50-C2
      X-Amz-Cf-Id:
      - iDPdLCWz6JGXC_SkgVsNPOV5cFskiRH1-npdn_ALkUrt_oU2GN8eCA==
    body:
      encoding: UTF-8
      string: '{"errors":["query must be provided"]}'
  recorded_at: Mon, 12 Oct 2020 23:07:23 GMT
- request:
    method: get
    uri: https://api.themoviedb.org/3/search/movie?api_key=<DONT_SHARE_MY_KEY>&language=en&page=2&query=
    body:
      encoding: US-ASCII
      string: ''
    headers:
      User-Agent:
      - Faraday v1.0.1
      Accept-Encoding:
      - gzip;q=1.0,deflate;q=0.6,identity;q=0.3
      Accept:
      - "*/*"
  response:
    status:
      code: 422
      message: Unknown
    headers:
      Content-Type:
      - application/json;charset=utf-8
      Transfer-Encoding:
      - chunked
      Connection:
      - keep-alive
      Date:
      - Mon, 12 Oct 2020 23:07:23 GMT
      Server:
      - openresty
      Access-Control-Allow-Origin:
      - "*"
      Access-Control-Allow-Methods:
      - GET, HEAD, POST, PUT, DELETE, OPTIONS
      Access-Control-Expose-Headers:
      - ETag, X-RateLimit-Limit, X-RateLimit-Remaining, X-RateLimit-Reset, Retry-After,
        Content-Length, Content-Range
      X-Cache:
      - Error from cloudfront
      Via:
      - 1.1 48a6ccbb0ddb052ab512a3422295bd39.cloudfront.net (CloudFront)
      X-Amz-Cf-Pop:
      - DEN50-C2
      X-Amz-Cf-Id:
      - KNOOdfaC9HukTWYClFMh2o-3uqp6UcsJZHjSzAryOx3qJmDlWWCzrw==
    body:
      encoding: UTF-8
      string: '{"errors":["query must be provided"]}'
  recorded_at: Mon, 12 Oct 2020 23:07:23 GMT
recorded_with: VCR 6.0.0
